
> eduzone@0.1.0 build
> vite build

[36mvite v6.3.5 [32mbuilding for production...[36m[39m
[32m✓[39m 0 modules transformed.
[31m✗[39m Build failed in 52ms
[31merror during build:
[31m[vite:build-html] Failed to resolve /src/main.tsx from C:/Users/ASUS/Desktop/EduZone/index.html[31m
file: [36mC:/Users/ASUS/Desktop/EduZone/index.html[31m
    at file:///C:/Users/ASUS/Desktop/EduZone/node_modules/vite/dist/node/chunks/dep-DBxKXgDP.js:36310:29
    at async Promise.all (index 0)
    at async Object.handler (file:///C:/Users/ASUS/Desktop/EduZone/node_modules/vite/dist/node/chunks/dep-DBxKXgDP.js:36507:11)
    at async transform (file:///C:/Users/ASUS/Desktop/EduZone/node_modules/rollup/dist/es/shared/node-entry.js:21282:16)
    at async ModuleLoader.addModuleSource (file:///C:/Users/ASUS/Desktop/EduZone/node_modules/rollup/dist/es/shared/node-entry.js:21496:36)[39m
