[2026-04-19T14:07:40.413Z] ID:8 Role:"TEACHER" vs Allowed:["TEACHER"]
[2026-04-19T14:19:03.126Z] ID:8 Role:"TEACHER" vs Allowed:["TEACHER"]
[2026-04-19T14:19:51.053Z] ID:8 Role:"TEACHER" vs Allowed:["TEACHER"]
[2026-04-19T14:29:35.633Z] ID:9 Role:"PRINCIPAL" vs Allowed:["PRINCIPAL","ZEO"]
[2026-04-19T14:29:38.898Z] ID:9 Role:"PRINCIPAL" vs Allowed:["PRINCIPAL","ZEO"]
[2026-04-19T14:29:40.990Z] ID:9 Role:"PRINCIPAL" vs Allowed:["ZEO","PRINCIPAL"]
[2026-04-19T14:36:41.533Z] ID:9 Role:"PRINCIPAL" vs Allowed:["ZEO","PRINCIPAL"]
[2026-04-19T14:45:12.522Z] ID:1 Role:"ZEO" vs Allowed:["PRINCIPAL","ZEO"]
[2026-04-19T15:11:27.977Z] ID:1 Role:"ZEO" vs Allowed:["ZEO"]
[2026-04-19T15:50:49.558Z] ID:9 Role:"PRINCIPAL" vs Allowed:["ZEO","PRINCIPAL"]
[2026-04-19T15:50:52.825Z] ID:9 Role:"PRINCIPAL" vs Allowed:["ZEO","PRINCIPAL"]
[2026-04-20T05:07:41.502Z] ID:9 Role:"PRINCIPAL" vs Allowed:["ZEO","PRINCIPAL"]
[2026-04-20T05:08:12.998Z] ID:1 Role:"ZEO" vs Allowed:["ZEO"]
[2026-04-20T05:10:34.402Z] ID:1 Role:"ZEO" vs Allowed:["ZEO"]
[2026-04-20T05:21:01.274Z] ID:1 Role:"ZEO" vs Allowed:["ZEO"]
[2026-04-20T05:23:18.508Z] ID:1 Role:"ZEO" vs Allowed:["ZEO"]
[2026-04-20T05:43:21.567Z] ID:1 Role:"ZEO" vs Allowed:["ZEO"]
[2026-04-20T05:43:36.832Z] ID:1 Role:"ZEO" vs Allowed:["ZEO"]
[2026-04-20T05:43:37.951Z] ID:1 Role:"ZEO" vs Allowed:["ZEO"]
[2026-04-20T05:52:13.035Z] ID:9 Role:"PRINCIPAL" vs Allowed:["ZEO","PRINCIPAL"]
[2026-04-20T05:53:08.947Z] ID:1 Role:"ZEO" vs Allowed:["ZEO"]
[2026-04-20T05:54:40.080Z] ID:1 Role:"ZEO" vs Allowed:["ZEO"]
[2026-04-20T05:54:42.204Z] ID:1 Role:"ZEO" vs Allowed:["ZEO"]
[2026-04-20T06:03:01.253Z] ID:1 Role:"ZEO" vs Allowed:["ZEO"]
[2026-04-20T06:03:10.316Z] ID:1 Role:"ZEO" vs Allowed:["ZEO"]
[2026-04-20T06:09:08.550Z] ID:1 Role:"ZEO" vs Allowed:["ZEO"]
[2026-04-20T06:09:10.792Z] ID:1 Role:"ZEO" vs Allowed:["ZEO"]
[2026-04-20T06:16:02.416Z] ID:1 Role:"ZEO" vs Allowed:["ZEO"]
[2026-04-20T06:16:04.372Z] ID:1 Role:"ZEO" vs Allowed:["ZEO"]
[2026-04-20T06:18:53.540Z] ID:1 Role:"ZEO" vs Allowed:["ZEO"]
[2026-04-20T06:18:55.448Z] ID:1 Role:"ZEO" vs Allowed:["ZEO"]
[2026-04-20T06:30:14.533Z] ID:2 Role:"TEACHER" vs Allowed:["TEACHER"]
[2026-04-20T06:43:06.648Z] ID:1 Role:"ZEO" vs Allowed:["ZEO"]
[2026-04-20T06:50:20.469Z] ID:2 Role:"TEACHER" vs Allowed:["TEACHER"]
[2026-04-20T06:50:57.069Z] ID:4 Role:"PRINCIPAL" vs Allowed:["ZEO","PRINCIPAL"]
[2026-04-20T06:56:31.025Z] ID:1 Role:"ZEO" vs Allowed:["PRINCIPAL","ZEO"]
[2026-04-20T06:57:59.125Z] ID:1 Role:"ZEO" vs Allowed:["ZEO"]
[2026-04-20T06:57:59.182Z] ID:1 Role:"ZEO" vs Allowed:["ZEO"]
[2026-04-20T06:58:33.937Z] ID:1 Role:"ZEO" vs Allowed:["ZEO"]
[2026-04-20T07:00:09.201Z] ID:4 Role:"PRINCIPAL" vs Allowed:["PRINCIPAL","ZEO"]
[2026-04-20T07:03:44.622Z] ID:1 Role:"ZEO" vs Allowed:["PRINCIPAL","ZEO"]
[2026-04-20T07:08:30.809Z] ID:2 Role:"TEACHER" vs Allowed:["TEACHER"]
[2026-04-20T07:09:29.134Z] ID:4 Role:"PRINCIPAL" vs Allowed:["ZEO","PRINCIPAL"]
[2026-04-20T07:10:51.641Z] ID:1 Role:"ZEO" vs Allowed:["ZEO"]
[2026-04-20T07:25:48.942Z] ID:1 Role:"ZEO" vs Allowed:["ZEO"]
[2026-04-20T07:34:33.400Z] ID:1 Role:"ZEO" vs Allowed:["PRINCIPAL","ZEO"]
[2026-04-20T07:35:06.183Z] ID:1 Role:"ZEO" vs Allowed:["ZEO"]
[2026-04-20T07:36:02.651Z] ID:2 Role:"TEACHER" vs Allowed:["TEACHER"]
[2026-04-20T07:37:13.188Z] ID:4 Role:"PRINCIPAL" vs Allowed:["ZEO","PRINCIPAL"]
[2026-04-20T07:45:40.904Z] ID:1 Role:"ZEO" vs Allowed:["ZEO"]
[2026-04-20T08:14:52.909Z] ID:2 Role:"TEACHER" vs Allowed:["TEACHER"]
[2026-04-20T08:15:44.874Z] ID:2 Role:"TEACHER" vs Allowed:["ZEO","PRINCIPAL"]
[2026-04-20T08:15:44.875Z] DENIED: "TEACHER" not in ["ZEO","PRINCIPAL"]
[2026-04-20T08:17:50.826Z] ID:2 Role:"TEACHER" vs Allowed:["PRINCIPAL","ZEO"]
[2026-04-20T08:17:50.827Z] DENIED: "TEACHER" not in ["PRINCIPAL","ZEO"]
[2026-04-20T08:25:39.816Z] ID:1 Role:"ZEO" vs Allowed:["ZEO"]
[2026-04-20T08:35:54.374Z] ID:2 Role:"TEACHER" vs Allowed:["TEACHER"]
[2026-04-20T08:36:26.325Z] ID:4 Role:"PRINCIPAL" vs Allowed:["PRINCIPAL","ZEO"]
[2026-04-20T08:45:23.667Z] ID:1 Role:"ZEO" vs Allowed:["PRINCIPAL","ZEO"]
[2026-04-20T08:55:25.570Z] ID:1 Role:"ZEO" vs Allowed:["PRINCIPAL","ZEO"]
[2026-04-20T08:57:53.562Z] ID:1 Role:"ZEO" vs Allowed:["ZEO"]
[2026-04-20T08:57:53.661Z] ID:1 Role:"ZEO" vs Allowed:["ZEO"]
[2026-04-20T09:00:24.769Z] ID:1 Role:"ZEO" vs Allowed:["ZEO"]
[2026-04-20T09:00:24.828Z] ID:1 Role:"ZEO" vs Allowed:["ZEO"]
[2026-04-20T09:08:04.490Z] ID:4 Role:"PRINCIPAL" vs Allowed:["PRINCIPAL","ZEO"]
[2026-04-20T09:08:09.260Z] ID:4 Role:"PRINCIPAL" vs Allowed:["ZEO","PRINCIPAL"]
[2026-04-20T09:08:32.633Z] ID:4 Role:"PRINCIPAL" vs Allowed:["PRINCIPAL"]
[2026-04-20T09:09:56.259Z] ID:1 Role:"ZEO" vs Allowed:["ZEO"]
[2026-04-20T09:22:33.264Z] ID:2 Role:"TEACHER" vs Allowed:["TEACHER"]
[2026-04-20T09:23:30.974Z] ID:4 Role:"PRINCIPAL" vs Allowed:["PRINCIPAL","ZEO"]
[2026-04-20T09:24:13.452Z] ID:1 Role:"ZEO" vs Allowed:["PRINCIPAL","ZEO"]
[2026-04-20T09:26:44.519Z] ID:1 Role:"ZEO" vs Allowed:["ZEO"]
[2026-04-20T09:26:44.570Z] ID:1 Role:"ZEO" vs Allowed:["ZEO"]
[2026-04-20T09:27:23.030Z] ID:4 Role:"PRINCIPAL" vs Allowed:["ZEO","PRINCIPAL"]
[2026-04-20T09:28:42.952Z] ID:1 Role:"ZEO" vs Allowed:["ZEO"]
[2026-04-20T09:28:46.254Z] ID:1 Role:"ZEO" vs Allowed:["ZEO"]
[2026-04-20T09:31:28.647Z] ID:1 Role:"ZEO" vs Allowed:["ZEO"]
[2026-04-20T09:43:45.695Z] ID:2 Role:"TEACHER" vs Allowed:["ZEO","TEACHER"]
[2026-04-20T09:44:09.796Z] ID:2 Role:"TEACHER" vs Allowed:["TEACHER"]
[2026-04-20T09:44:39.013Z] ID:4 Role:"PRINCIPAL" vs Allowed:["PRINCIPAL","ZEO"]
[2026-04-20T09:45:05.056Z] ID:1 Role:"ZEO" vs Allowed:["PRINCIPAL","ZEO"]
[2026-04-20T09:46:37.269Z] ID:1 Role:"ZEO" vs Allowed:["ZEO"]
[2026-04-20T09:46:37.322Z] ID:1 Role:"ZEO" vs Allowed:["ZEO"]
[2026-04-20T09:48:42.722Z] ID:1 Role:"ZEO" vs Allowed:["ZEO"]
[2026-04-20T10:04:32.935Z] ID:2 Role:"TEACHER" vs Allowed:["TEACHER"]
[2026-04-20T10:06:40.714Z] ID:2 Role:"TEACHER" vs Allowed:["TEACHER"]
[2026-04-21T05:04:42.019Z] ID:2 Role:"TEACHER" vs Allowed:["TEACHER"]
[2026-04-21T05:05:09.014Z] ID:2 Role:"TEACHER" vs Allowed:["TEACHER"]
[2026-04-21T05:16:48.522Z] ID:1 Role:"PRINCIPAL" vs Allowed:["PRINCIPAL"]
[2026-04-21T05:17:35.324Z] ID:2 Role:"TEACHER" vs Allowed:["TEACHER"]
[2026-04-21T05:22:51.392Z] ID:2 Role:"TEACHER" vs Allowed:["TEACHER"]
[2026-04-21T06:02:04.953Z] ID:4 Role:"PRINCIPAL" vs Allowed:["PRINCIPAL","ZEO"]
[2026-04-21T06:02:12.904Z] ID:4 Role:"PRINCIPAL" vs Allowed:["ZEO","PRINCIPAL"]
[2026-04-21T06:02:40.170Z] ID:4 Role:"PRINCIPAL" vs Allowed:["PRINCIPAL"]
[2026-04-21T06:03:11.331Z] ID:4 Role:"PRINCIPAL" vs Allowed:["PRINCIPAL"]
[2026-04-21T06:03:11.383Z] ID:4 Role:"PRINCIPAL" vs Allowed:["PRINCIPAL"]
[2026-04-21T07:11:29.254Z] ID:4 Role:"PRINCIPAL" vs Allowed:["PRINCIPAL"]
[2026-04-21T07:11:30.304Z] ID:4 Role:"PRINCIPAL" vs Allowed:["ZEO","PRINCIPAL"]
[2026-04-21T07:11:31.727Z] ID:4 Role:"PRINCIPAL" vs Allowed:["PRINCIPAL"]
[2026-04-21T07:11:52.288Z] ID:4 Role:"PRINCIPAL" vs Allowed:["PRINCIPAL"]
[2026-04-21T07:11:52.312Z] ID:4 Role:"PRINCIPAL" vs Allowed:["PRINCIPAL"]
[2026-04-21T07:15:40.184Z] ID:4 Role:"PRINCIPAL" vs Allowed:["PRINCIPAL","ZEO"]
[2026-04-21T07:16:16.083Z] ID:1 Role:"ZEO" vs Allowed:["ZEO"]
[2026-04-21T07:16:23.744Z] ID:1 Role:"ZEO" vs Allowed:["ZEO"]
[2026-04-21T07:16:40.384Z] ID:1 Role:"ZEO" vs Allowed:["ZEO"]
[2026-04-21T07:18:17.054Z] ID:1 Role:"ZEO" vs Allowed:["PRINCIPAL","ZEO"]
[2026-04-21T08:18:26.735Z] ID:2 Role:"TEACHER" vs Allowed:["TEACHER"]
[2026-04-21T08:20:14.123Z] ID:4 Role:"PRINCIPAL" vs Allowed:["PRINCIPAL","ZEO"]
[2026-04-21T08:25:36.634Z] ID:4 Role:"PRINCIPAL" vs Allowed:["ZEO","PRINCIPAL"]
[2026-04-21T08:26:19.553Z] ID:4 Role:"PRINCIPAL" vs Allowed:["PRINCIPAL"]
[2026-04-21T08:27:17.148Z] ID:4 Role:"PRINCIPAL" vs Allowed:["PRINCIPAL"]
[2026-04-21T08:28:09.961Z] ID:4 Role:"PRINCIPAL" vs Allowed:["ZEO","PRINCIPAL"]
[2026-04-21T08:29:43.290Z] ID:4 Role:"PRINCIPAL" vs Allowed:["ZEO","PRINCIPAL"]
[2026-04-21T08:30:40.725Z] ID:4 Role:"PRINCIPAL" vs Allowed:["ZEO","PRINCIPAL"]
[2026-04-21T08:35:00.492Z] ID:1 Role:"ZEO" vs Allowed:["PRINCIPAL","ZEO"]
[2026-04-21T08:58:07.547Z] ID:1 Role:"ZEO" vs Allowed:["ZEO"]
[2026-04-21T09:09:00.145Z] ID:2 Role:"TEACHER" vs Allowed:["TEACHER"]
[2026-04-21T09:11:11.103Z] ID:2 Role:"TEACHER" vs Allowed:["TEACHER"]
[2026-04-21T09:13:33.898Z] ID:2 Role:"TEACHER" vs Allowed:["TEACHER"]
[2026-04-21T09:16:00.020Z] ID:4 Role:"PRINCIPAL" vs Allowed:["PRINCIPAL","ZEO"]
[2026-04-21T09:16:39.583Z] ID:1 Role:"ZEO" vs Allowed:["PRINCIPAL","ZEO"]
[2026-04-21T09:22:06.942Z] ID:1 Role:"ZEO" vs Allowed:["ZEO"]
[2026-04-21T09:22:07.026Z] ID:1 Role:"ZEO" vs Allowed:["ZEO"]
[2026-04-21T10:31:48.816Z] ID:2 Role:"TEACHER" vs Allowed:["TEACHER"]
[2026-04-21T10:32:22.655Z] ID:4 Role:"PRINCIPAL" vs Allowed:["PRINCIPAL","ZEO"]
[2026-04-21T10:33:10.489Z] ID:1 Role:"ZEO" vs Allowed:["PRINCIPAL","ZEO"]
[2026-04-21T10:42:23.346Z] ID:1 Role:"ZEO" vs Allowed:["ZEO"]
