{
  "name": "SequelizeDatabaseError",
  "parent": {
    "code": "ER_BAD_FIELD_ERROR",
    "errno": 1054,
    "sqlState": "42S22",
    "sqlMessage": "Unknown column 'teacherId' in 'field list'",
    "sql": "SELECT `id`, `title`, `description`, `grade`, `subject`, `fileUrl`, `teacherId`, `schoolId`, `status`, `createdAt`, `updatedAt` FROM `Resources` AS `Resource` WHERE `Resource`.`status` = 'Approved';"
  },
  "original": {
    "code": "ER_BAD_FIELD_ERROR",
    "errno": 1054,
    "sqlState": "42S22",
    "sqlMessage": "Unknown column 'teacherId' in 'field list'",
    "sql": "SELECT `id`, `title`, `description`, `grade`, `subject`, `fileUrl`, `teacherId`, `schoolId`, `status`, `createdAt`, `updatedAt` FROM `Resources` AS `Resource` WHERE `Resource`.`status` = 'Approved';"
  },
  "sql": "SELECT `id`, `title`, `description`, `grade`, `subject`, `fileUrl`, `teacherId`, `schoolId`, `status`, `createdAt`, `updatedAt` FROM `Resources` AS `Resource` WHERE `Resource`.`status` = 'Approved';",
  "parameters": {}
}

ORIGINAL ERROR:
Error: Unknown column 'teacherId' in 'field list'